yugendransunder@C02CQ2LAMD6M-yugendransunder 7 % docker swarm init                        

Swarm initialized: current node (zru2045c3857kpg0awu5ogqv3) is now a manager.

To add a worker to this swarm, run the following command:

    docker swarm join --token SWMTKN-1-3ao18ghzvdpto2gbnqat0ntvcspehp9xfs5cg6rd3y2j7rwi1k-ehf1u23qc65tzn8zj3e30nyug 192.168.65.3:2377

To add a manager to this swarm, run 'docker swarm join-token manager' and follow the instructions.
yugendransunder@C02CQ2LAMD6M-yugendransunder 7 % docker service create \                  
  --name nginx-web \
  --replicas 3 \
  --publish 8080:80 \
  nginx:alpine

p8evrspioly460tsl5j3ixlbx
overall progress: 3 out of 3 tasks 
1/3: running   [==================================================>] 
2/3: running   [==================================================>] 
3/3: running   [==================================================>] 
verify: Service p8evrspioly460tsl5j3ixlbx converged 
yugendransunder@C02CQ2LAMD6M-yugendransunder 7 % docker service update --image nginx:alpine nginx-web

nginx-web
overall progress: 3 out of 3 tasks 
1/3: running   [==================================================>] 
2/3: running   [==================================================>] 
3/3: running   [==================================================>] 
verify: Service nginx-web converged 
yugendransunder@C02CQ2LAMD6M-yugendransunder 7 % docker service ps nginx-web

ID             NAME          IMAGE          NODE             DESIRED STATE   CURRENT STATE            ERROR     PORTS
pxku6gdwpnut   nginx-web.1   nginx:alpine   docker-desktop   Running         Running 50 seconds ago             
61nskin4m9iq   nginx-web.2   nginx:alpine   docker-desktop   Running         Running 50 seconds ago             
o0vfnew7gux8   nginx-web.3   nginx:alpine   docker-desktop   Running         Running 50 seconds ago             
yugendransunder@C02CQ2LAMD6M-yugendransunder 7 % docker service ls

ID             NAME        MODE         REPLICAS   IMAGE          PORTS
p8evrspioly4   nginx-web   replicated   3/3        nginx:alpine   *:8080->80/tcp
yugendransunder@C02CQ2LAMD6M-yugendransunder 7 % curl http://localhost:8080

<!DOCTYPE html>
<html>
<head>
<title>Welcome to nginx!</title>
<style>
html { color-scheme: light dark; }
body { width: 35em; margin: 0 auto;
font-family: Tahoma, Verdana, Arial, sans-serif; }
</style>
</head>
<body>
<h1>Welcome to nginx!</h1>
<p>If you see this page, the nginx web server is successfully installed and
working. Further configuration is required.</p>

<p>For online documentation and support please refer to
<a href="http://nginx.org/">nginx.org</a>.<br/>
Commercial support is available at
<a href="http://nginx.com/">nginx.com</a>.</p>

<p><em>Thank you for using nginx.</em></p>
</body>
</html>
yugendransunder@C02CQ2LAMD6M-yugendransunder 7 % 